// Jest Snapshot v1, https://goo.gl/fbAQLP

exports[`render <Input/> renders correctly 1`] = `
initialize {
  "0": Object {
    "attribs": Object {},
    "children": Array [
      Object {
        "attribs": Object {},
        "children": Array [
          Object {
            "attribs": Object {
              "class": "fox-input-addon-wrapper",
            },
            "children": Array [
              Object {
                "attribs": Object {
                  "class": "fox-input-wrapper",
                },
                "children": Array [
                  Object {
                    "attribs": Object {
                      "class": "fox-input-fix-wrapper",
                    },
                    "children": Array [
                      Object {
                        "attribs": Object {
                          "class": "fox-input",
                        },
                        "children": Array [],
                        "name": "input",
                        "namespace": "http://www.w3.org/1999/xhtml",
                        "next": null,
                        "parent": [Circular],
                        "prev": null,
                        "type": "tag",
                        "x-attribsNamespace": Object {
                          "class": undefined,
                        },
                        "x-attribsPrefix": Object {
                          "class": undefined,
                        },
                      },
                    ],
                    "name": "span",
                    "namespace": "http://www.w3.org/1999/xhtml",
                    "next": Object {
                      "attribs": Object {
                        "class": "fox-input-outline",
                      },
                      "children": Array [],
                      "name": "div",
                      "namespace": "http://www.w3.org/1999/xhtml",
                      "next": null,
                      "parent": [Circular],
                      "prev": [Circular],
                      "type": "tag",
                      "x-attribsNamespace": Object {
                        "class": undefined,
                      },
                      "x-attribsPrefix": Object {
                        "class": undefined,
                      },
                    },
                    "parent": [Circular],
                    "prev": null,
                    "type": "tag",
                    "x-attribsNamespace": Object {
                      "class": undefined,
                    },
                    "x-attribsPrefix": Object {
                      "class": undefined,
                    },
                  },
                  Object {
                    "attribs": Object {
                      "class": "fox-input-outline",
                    },
                    "children": Array [],
                    "name": "div",
                    "namespace": "http://www.w3.org/1999/xhtml",
                    "next": null,
                    "parent": [Circular],
                    "prev": Object {
                      "attribs": Object {
                        "class": "fox-input-fix-wrapper",
                      },
                      "children": Array [
                        Object {
                          "attribs": Object {
                            "class": "fox-input",
                          },
                          "children": Array [],
                          "name": "input",
                          "namespace": "http://www.w3.org/1999/xhtml",
                          "next": null,
                          "parent": [Circular],
                          "prev": null,
                          "type": "tag",
                          "x-attribsNamespace": Object {
                            "class": undefined,
                          },
                          "x-attribsPrefix": Object {
                            "class": undefined,
                          },
                        },
                      ],
                      "name": "span",
                      "namespace": "http://www.w3.org/1999/xhtml",
                      "next": [Circular],
                      "parent": [Circular],
                      "prev": null,
                      "type": "tag",
                      "x-attribsNamespace": Object {
                        "class": undefined,
                      },
                      "x-attribsPrefix": Object {
                        "class": undefined,
                      },
                    },
                    "type": "tag",
                    "x-attribsNamespace": Object {
                      "class": undefined,
                    },
                    "x-attribsPrefix": Object {
                      "class": undefined,
                    },
                  },
                ],
                "name": "div",
                "namespace": "http://www.w3.org/1999/xhtml",
                "next": null,
                "parent": [Circular],
                "prev": null,
                "type": "tag",
                "x-attribsNamespace": Object {
                  "class": undefined,
                },
                "x-attribsPrefix": Object {
                  "class": undefined,
                },
              },
            ],
            "name": "span",
            "namespace": "http://www.w3.org/1999/xhtml",
            "next": null,
            "parent": [Circular],
            "prev": null,
            "type": "tag",
            "x-attribsNamespace": Object {
              "class": undefined,
            },
            "x-attribsPrefix": Object {
              "class": undefined,
            },
          },
        ],
        "name": "div",
        "namespace": "http://www.w3.org/1999/xhtml",
        "next": null,
        "parent": [Circular],
        "prev": null,
        "type": "tag",
        "x-attribsNamespace": Object {},
        "x-attribsPrefix": Object {},
      },
    ],
    "name": "label",
    "namespace": "http://www.w3.org/1999/xhtml",
    "next": null,
    "parent": null,
    "prev": null,
    "root": Object {
      "attribs": Object {},
      "children": Array [
        [Circular],
      ],
      "name": "root",
      "namespace": "http://www.w3.org/1999/xhtml",
      "next": null,
      "parent": null,
      "prev": null,
      "type": "root",
      "x-attribsNamespace": Object {},
      "x-attribsPrefix": Object {},
    },
    "type": "tag",
    "x-attribsNamespace": Object {},
    "x-attribsPrefix": Object {},
  },
  "_root": [Circular],
  "length": 1,
  "options": Object {
    "decodeEntities": true,
    "normalizeWhitespace": false,
    "withDomLvl1": true,
    "xml": false,
  },
}
`;
