// Jest Snapshot v1, https://goo.gl/fbAQLP

exports[`render <ActionSheet/> renders correctly 1`] = `
initialize {
  "0": Object {
    "attribs": Object {
      "class": "fox-mask fox-mask-open",
    },
    "children": Array [],
    "name": "div",
    "namespace": "http://www.w3.org/1999/xhtml",
    "next": Object {
      "attribs": Object {
        "class": "fox-actionsheet",
      },
      "children": Array [],
      "name": "div",
      "namespace": "http://www.w3.org/1999/xhtml",
      "next": null,
      "parent": null,
      "prev": [Circular],
      "root": Object {
        "attribs": Object {},
        "children": Array [
          [Circular],
          [Circular],
        ],
        "name": "root",
        "namespace": "http://www.w3.org/1999/xhtml",
        "next": null,
        "parent": null,
        "prev": null,
        "type": "root",
        "x-attribsNamespace": Object {},
        "x-attribsPrefix": Object {},
      },
      "type": "tag",
      "x-attribsNamespace": Object {
        "class": undefined,
      },
      "x-attribsPrefix": Object {
        "class": undefined,
      },
    },
    "parent": null,
    "prev": null,
    "root": Object {
      "attribs": Object {},
      "children": Array [
        [Circular],
        Object {
          "attribs": Object {
            "class": "fox-actionsheet",
          },
          "children": Array [],
          "name": "div",
          "namespace": "http://www.w3.org/1999/xhtml",
          "next": null,
          "parent": null,
          "prev": [Circular],
          "root": [Circular],
          "type": "tag",
          "x-attribsNamespace": Object {
            "class": undefined,
          },
          "x-attribsPrefix": Object {
            "class": undefined,
          },
        },
      ],
      "name": "root",
      "namespace": "http://www.w3.org/1999/xhtml",
      "next": null,
      "parent": null,
      "prev": null,
      "type": "root",
      "x-attribsNamespace": Object {},
      "x-attribsPrefix": Object {},
    },
    "type": "tag",
    "x-attribsNamespace": Object {
      "class": undefined,
    },
    "x-attribsPrefix": Object {
      "class": undefined,
    },
  },
  "1": Object {
    "attribs": Object {
      "class": "fox-actionsheet",
    },
    "children": Array [],
    "name": "div",
    "namespace": "http://www.w3.org/1999/xhtml",
    "next": null,
    "parent": null,
    "prev": Object {
      "attribs": Object {
        "class": "fox-mask fox-mask-open",
      },
      "children": Array [],
      "name": "div",
      "namespace": "http://www.w3.org/1999/xhtml",
      "next": [Circular],
      "parent": null,
      "prev": null,
      "root": Object {
        "attribs": Object {},
        "children": Array [
          [Circular],
          [Circular],
        ],
        "name": "root",
        "namespace": "http://www.w3.org/1999/xhtml",
        "next": null,
        "parent": null,
        "prev": null,
        "type": "root",
        "x-attribsNamespace": Object {},
        "x-attribsPrefix": Object {},
      },
      "type": "tag",
      "x-attribsNamespace": Object {
        "class": undefined,
      },
      "x-attribsPrefix": Object {
        "class": undefined,
      },
    },
    "root": Object {
      "attribs": Object {},
      "children": Array [
        Object {
          "attribs": Object {
            "class": "fox-mask fox-mask-open",
          },
          "children": Array [],
          "name": "div",
          "namespace": "http://www.w3.org/1999/xhtml",
          "next": [Circular],
          "parent": null,
          "prev": null,
          "root": [Circular],
          "type": "tag",
          "x-attribsNamespace": Object {
            "class": undefined,
          },
          "x-attribsPrefix": Object {
            "class": undefined,
          },
        },
        [Circular],
      ],
      "name": "root",
      "namespace": "http://www.w3.org/1999/xhtml",
      "next": null,
      "parent": null,
      "prev": null,
      "type": "root",
      "x-attribsNamespace": Object {},
      "x-attribsPrefix": Object {},
    },
    "type": "tag",
    "x-attribsNamespace": Object {
      "class": undefined,
    },
    "x-attribsPrefix": Object {
      "class": undefined,
    },
  },
  "_root": [Circular],
  "length": 2,
  "options": Object {
    "decodeEntities": true,
    "normalizeWhitespace": false,
    "withDomLvl1": true,
    "xml": false,
  },
}
`;
